TAP version 13
# Subtest: AUD01 target changed after approval must not be overwritten
not ok 1 - AUD01 target changed after approval must not be overwritten
  ---
  duration_ms: 1043.412708
  type: 'test'
  location: '<workspace>/secretary-audit-20260922/Secretary/demo_pi/pi_secretary/audit/legacy.test.ts:1:1815'
  failureType: 'testCodeFailure'
  error: |-
    Expected values to be strictly equal:
    + actual - expected
    
    + 'expected'
    - 'concurrent edit'
    
  code: 'ERR_ASSERTION'
  name: 'AssertionError'
  expected: 'concurrent edit'
  actual: 'expected'
  operator: 'strictEqual'
  stack: |-
    <anonymous> (<workspace>/secretary-audit-20260922/Secretary/demo_pi/pi_secretary/audit/legacy.test.ts:33:37)
    async fixture (<workspace>/secretary-audit-20260922/Secretary/demo_pi/pi_secretary/audit/legacy.test.ts:15:7)
    async Test.run (node:internal/test_runner/test:1054:7)
    async startSubtestAfterBootstrap (node:internal/test_runner/harness:296:3)
  ...
# Subtest: AUD02 expired ordinary decision must be rejected
not ok 2 - AUD02 expired ordinary decision must be rejected
  ---
  duration_ms: 1106.800791
  type: 'test'
  location: '<workspace>/secretary-audit-20260922/Secretary/demo_pi/pi_secretary/audit/legacy.test.ts:1:2191'
  failureType: 'testCodeFailure'
  error: 'Missing expected exception.'
  code: 'ERR_ASSERTION'
  name: 'AssertionError'
  operator: 'throws'
  stack: |-
    <anonymous> (<workspace>/secretary-audit-20260922/Secretary/demo_pi/pi_secretary/audit/legacy.test.ts:38:9)
    process.processTicksAndRejections (node:internal/process/task_queues:105:5)
    async fixture (<workspace>/secretary-audit-20260922/Secretary/demo_pi/pi_secretary/audit/legacy.test.ts:15:7)
    async Test.run (node:internal/test_runner/test:1054:7)
    async Test.processPendingSubtests (node:internal/test_runner/test:744:7)
  ...
# Subtest: AUD03 ordinary decision exact redelivery is idempotent
not ok 3 - AUD03 ordinary decision exact redelivery is idempotent
  ---
  duration_ms: 968.652834
  type: 'test'
  location: '<workspace>/secretary-audit-20260922/Secretary/demo_pi/pi_secretary/audit/legacy.test.ts:1:2473'
  failureType: 'testCodeFailure'
  error: |-
    Got unwanted exception.
    Actual message: "DECISION_NOT_OPEN"
  code: 'ERR_ASSERTION'
  name: 'AssertionError'
  actual:
  error: 'DECISION_NOT_OPEN'
  stack: |-
    Scheduler.answer (<workspace>/secretary-audit-20260922/Secretary/demo_pi/pi_secretary/src/scheduler.ts:1203:35)
    <anonymous> (<workspace>/secretary-audit-20260922/Secretary/demo_pi/pi_secretary/audit/legacy.test.ts:43:38)
    getActual (node:assert:609:5)
    Function.doesNotThrow (node:assert:777:32)
    <anonymous> (<workspace>/secretary-audit-20260922/Secretary/demo_pi/pi_secretary/audit/legacy.test.ts:43:9)
    process.processTicksAndRejections (node:internal/process/task_queues:105:5)
    async fixture (<workspace>/secretary-audit-20260922/Secretary/demo_pi/pi_secretary/audit/legacy.test.ts:15:7)
    async Test.run (node:internal/test_runner/test:1054:7)
    async Test.processPendingSubtests (node:internal/test_runner/test:744:7)
  operator: 'doesNotThrow'
  stack: |-
    <anonymous> (<workspace>/secretary-audit-20260922/Secretary/demo_pi/pi_secretary/audit/legacy.test.ts:43:9)
    process.processTicksAndRejections (node:internal/process/task_queues:105:5)
    async fixture (<workspace>/secretary-audit-20260922/Secretary/demo_pi/pi_secretary/audit/legacy.test.ts:15:7)
    async Test.run (node:internal/test_runner/test:1054:7)
    async Test.processPendingSubtests (node:internal/test_runner/test:744:7)
  ...
# Subtest: AUD04 missing referenced object rejected before durable frame
not ok 4 - AUD04 missing referenced object rejected before durable frame
  ---
  duration_ms: 150.405708
  type: 'test'
  location: '<workspace>/secretary-audit-20260922/Secretary/demo_pi/pi_secretary/audit/legacy.test.ts:1:2838'
  failureType: 'testCodeFailure'
  error: |-
    failed commit poisoned durable journal
    
    4553 !== 3614
    
  code: 'ERR_ASSERTION'
  name: 'AssertionError'
  expected: 3614
  actual: 4553
  operator: 'strictEqual'
  stack: |-
    <anonymous> (<workspace>/secretary-audit-20260922/Secretary/demo_pi/pi_secretary/audit/legacy.test.ts:49:9)
    fixture (<workspace>/secretary-audit-20260922/Secretary/demo_pi/pi_secretary/audit/legacy.test.ts:15:13)
    process.processTicksAndRejections (node:internal/process/task_queues:105:5)
    async Test.run (node:internal/test_runner/test:1054:7)
    async Test.processPendingSubtests (node:internal/test_runner/test:744:7)
  ...
# Subtest: AUD05 Context is immutable after first commit
not ok 5 - AUD05 Context is immutable after first commit
  ---
  duration_ms: 493.743458
  type: 'test'
  location: '<workspace>/secretary-audit-20260922/Secretary/demo_pi/pi_secretary/audit/legacy.test.ts:1:3285'
  failureType: 'testCodeFailure'
  error: 'Missing expected exception.'
  code: 'ERR_ASSERTION'
  name: 'AssertionError'
  operator: 'throws'
  stack: |-
    <anonymous> (<workspace>/secretary-audit-20260922/Secretary/demo_pi/pi_secretary/audit/legacy.test.ts:53:9)
    process.processTicksAndRejections (node:internal/process/task_queues:105:5)
    async fixture (<workspace>/secretary-audit-20260922/Secretary/demo_pi/pi_secretary/audit/legacy.test.ts:15:7)
    async Test.run (node:internal/test_runner/test:1054:7)
    async Test.processPendingSubtests (node:internal/test_runner/test:744:7)
  ...
# Subtest: AUD06 illegal Input ACCEPTED to HANDLED rejected
not ok 6 - AUD06 illegal Input ACCEPTED to HANDLED rejected
  ---
  duration_ms: 120.422959
  type: 'test'
  location: '<workspace>/secretary-audit-20260922/Secretary/demo_pi/pi_secretary/audit/legacy.test.ts:1:3519'
  failureType: 'testCodeFailure'
  error: 'Missing expected exception.'
  code: 'ERR_ASSERTION'
  name: 'AssertionError'
  operator: 'throws'
  stack: |-
    <anonymous> (<workspace>/secretary-audit-20260922/Secretary/demo_pi/pi_secretary/audit/legacy.test.ts:56:46)
    fixture (<workspace>/secretary-audit-20260922/Secretary/demo_pi/pi_secretary/audit/legacy.test.ts:15:13)
    process.processTicksAndRejections (node:internal/process/task_queues:105:5)
    async Test.run (node:internal/test_runner/test:1054:7)
    async Test.processPendingSubtests (node:internal/test_runner/test:744:7)
  ...
# Subtest: AUD07 cross-object missing session rejected
not ok 7 - AUD07 cross-object missing session rejected
  ---
  duration_ms: 118.6635
  type: 'test'
  location: '<workspace>/secretary-audit-20260922/Secretary/demo_pi/pi_secretary/audit/legacy.test.ts:1:3702'
  failureType: 'testCodeFailure'
  error: 'Missing expected exception.'
  code: 'ERR_ASSERTION'
  name: 'AssertionError'
  operator: 'throws'
  stack: |-
    <anonymous> (<workspace>/secretary-audit-20260922/Secretary/demo_pi/pi_secretary/audit/legacy.test.ts:59:40)
    fixture (<workspace>/secretary-audit-20260922/Secretary/demo_pi/pi_secretary/audit/legacy.test.ts:15:13)
    process.processTicksAndRejections (node:internal/process/task_queues:105:5)
    async Test.run (node:internal/test_runner/test:1054:7)
    async Test.processPendingSubtests (node:internal/test_runner/test:744:7)
  ...
# Subtest: AUD08 outer frame unknown fields rejected
not ok 8 - AUD08 outer frame unknown fields rejected
  ---
  duration_ms: 136.650584
  type: 'test'
  location: '<workspace>/secretary-audit-20260922/Secretary/demo_pi/pi_secretary/audit/legacy.test.ts:1:4936'
  failureType: 'testCodeFailure'
  error: 'recovery accepted malformed extra'
  code: 'ERR_ASSERTION'
  name: 'AssertionError'
  expected: true
  actual: false
  operator: '=='
  stack: |-
    corrupt (<workspace>/secretary-audit-20260922/Secretary/demo_pi/pi_secretary/audit/legacy.test.ts:73:2)
    process.processTicksAndRejections (node:internal/process/task_queues:105:5)
    async Test.run (node:internal/test_runner/test:1054:7)
    async Test.processPendingSubtests (node:internal/test_runner/test:744:7)
  ...
# Subtest: AUD09 invalid base64 rejected
not ok 9 - AUD09 invalid base64 rejected
  ---
  duration_ms: 114.313916
  type: 'test'
  location: '<workspace>/secretary-audit-20260922/Secretary/demo_pi/pi_secretary/audit/legacy.test.ts:1:5007'
  failureType: 'testCodeFailure'
  error: 'recovery accepted malformed base64'
  code: 'ERR_ASSERTION'
  name: 'AssertionError'
  expected: true
  actual: false
  operator: '=='
  stack: |-
    corrupt (<workspace>/secretary-audit-20260922/Secretary/demo_pi/pi_secretary/audit/legacy.test.ts:73:2)
    process.processTicksAndRejections (node:internal/process/task_queues:105:5)
    async Test.run (node:internal/test_runner/test:1054:7)
    async Test.processPendingSubtests (node:internal/test_runner/test:744:7)
  ...
# Subtest: AUD10 event sequence discontinuity rejected
not ok 10 - AUD10 event sequence discontinuity rejected
  ---
  duration_ms: 116.775625
  type: 'test'
  location: '<workspace>/secretary-audit-20260922/Secretary/demo_pi/pi_secretary/audit/legacy.test.ts:1:5067'
  failureType: 'testCodeFailure'
  error: 'recovery accepted malformed event'
  code: 'ERR_ASSERTION'
  name: 'AssertionError'
  expected: true
  actual: false
  operator: '=='
  stack: |-
    corrupt (<workspace>/secretary-audit-20260922/Secretary/demo_pi/pi_secretary/audit/legacy.test.ts:73:2)
    process.processTicksAndRejections (node:internal/process/task_queues:105:5)
    async Test.run (node:internal/test_runner/test:1054:7)
    async Test.processPendingSubtests (node:internal/test_runner/test:744:7)
  ...
# Subtest: AUD11 notification is not SENT before channel receipt
not ok 11 - AUD11 notification is not SENT before channel receipt
  ---
  duration_ms: 81.782167
  type: 'test'
  location: '<workspace>/secretary-audit-20260922/Secretary/demo_pi/pi_secretary/audit/legacy.test.ts:1:5140'
  failureType: 'testCodeFailure'
  error: |-
    Expected "actual" to be strictly unequal to:
    
    'SENT'
  code: 'ERR_ASSERTION'
  name: 'AssertionError'
  expected: 'SENT'
  actual: 'SENT'
  operator: 'notStrictEqual'
  stack: |-
    <anonymous> (<workspace>/secretary-audit-20260922/Secretary/demo_pi/pi_secretary/audit/legacy.test.ts:81:9)
    process.processTicksAndRejections (node:internal/process/task_queues:105:5)
    async fixture (<workspace>/secretary-audit-20260922/Secretary/demo_pi/pi_secretary/audit/legacy.test.ts:15:7)
    async Test.run (node:internal/test_runner/test:1054:7)
    async Test.processPendingSubtests (node:internal/test_runner/test:744:7)
  ...
# Subtest: AUD12 stale epoch/attempt rejected by final gate
not ok 12 - AUD12 stale epoch/attempt rejected by final gate
  ---
  duration_ms: 909.161541
  type: 'test'
  location: '<workspace>/secretary-audit-20260922/Secretary/demo_pi/pi_secretary/audit/legacy.test.ts:1:5417'
  failureType: 'testCodeFailure'
  error: 'Missing expected exception.'
  code: 'ERR_ASSERTION'
  name: 'AssertionError'
  operator: 'throws'
  stack: |-
    <anonymous> (<workspace>/secretary-audit-20260922/Secretary/demo_pi/pi_secretary/audit/legacy.test.ts:86:9)
    process.processTicksAndRejections (node:internal/process/task_queues:105:5)
    async fixture (<workspace>/secretary-audit-20260922/Secretary/demo_pi/pi_secretary/audit/legacy.test.ts:15:7)
    async Test.run (node:internal/test_runner/test:1054:7)
    async Test.processPendingSubtests (node:internal/test_runner/test:744:7)
  ...
# Subtest: AUD13 QUEUE persists occurrence while previous run waits
not ok 13 - AUD13 QUEUE persists occurrence while previous run waits
  ---
  duration_ms: 731.312667
  type: 'test'
  location: '<workspace>/secretary-audit-20260922/Secretary/demo_pi/pi_secretary/audit/legacy.test.ts:1:5702'
  failureType: 'testCodeFailure'
  error: |-
    Expected values to be strictly equal:
    
    0 !== 1
    
  code: 'ERR_ASSERTION'
  name: 'AssertionError'
  expected: 1
  actual: 0
  operator: 'strictEqual'
  stack: |-
    <anonymous> (<workspace>/secretary-audit-20260922/Secretary/demo_pi/pi_secretary/audit/legacy.test.ts:93:9)
    process.processTicksAndRejections (node:internal/process/task_queues:105:5)
    async fixture (<workspace>/secretary-audit-20260922/Secretary/demo_pi/pi_secretary/audit/legacy.test.ts:15:7)
    async Test.run (node:internal/test_runner/test:1054:7)
    async Test.processPendingSubtests (node:internal/test_runner/test:744:7)
  ...
# Subtest: AUD14 Context tools_schema records actual tool definitions
not ok 14 - AUD14 Context tools_schema records actual tool definitions
  ---
  duration_ms: 377.133666
  type: 'test'
  location: '<workspace>/secretary-audit-20260922/Secretary/demo_pi/pi_secretary/audit/legacy.test.ts:1:6152'
  failureType: 'testCodeFailure'
  error: 'tools_schema contains no actual task_propose schema'
  code: 'ERR_ASSERTION'
  name: 'AssertionError'
  expected: true
  actual: false
  operator: '=='
  stack: |-
    <anonymous> (<workspace>/secretary-audit-20260922/Secretary/demo_pi/pi_secretary/audit/legacy.test.ts:98:2)
    process.processTicksAndRejections (node:internal/process/task_queues:105:5)
    async fixture (<workspace>/secretary-audit-20260922/Secretary/demo_pi/pi_secretary/audit/legacy.test.ts:15:7)
    async Test.run (node:internal/test_runner/test:1054:7)
    async Test.processPendingSubtests (node:internal/test_runner/test:744:7)
  ...
# Subtest: AUD15 source input exact bytes retained and conflict rejected
ok 15 - AUD15 source input exact bytes retained and conflict rejected
  ---
  duration_ms: 87.001125
  type: 'test'
  ...
# Subtest: AUD12-refinement valid
ok 16 - AUD12-refinement valid
  ---
  duration_ms: 828.148834
  type: 'test'
  ...
# Subtest: AUD12-refinement epoch
not ok 17 - AUD12-refinement epoch
  ---
  duration_ms: 892.952708
  type: 'test'
  location: '<workspace>/secretary-audit-20260922/Secretary/demo_pi/pi_secretary/audit/legacy.test.ts:1:6885'
  failureType: 'testCodeFailure'
  error: 'Missing expected exception.'
  code: 'ERR_ASSERTION'
  name: 'AssertionError'
  operator: 'throws'
  stack: |-
    <anonymous> (<workspace>/secretary-audit-20260922/Secretary/demo_pi/pi_secretary/audit/legacy.test.ts:112:15)
    process.processTicksAndRejections (node:internal/process/task_queues:105:5)
    async fixture (<workspace>/secretary-audit-20260922/Secretary/demo_pi/pi_secretary/audit/legacy.test.ts:15:7)
    async Test.run (node:internal/test_runner/test:1054:7)
    async Test.processPendingSubtests (node:internal/test_runner/test:744:7)
  ...
# Subtest: AUD12-refinement attempt
not ok 18 - AUD12-refinement attempt
  ---
  duration_ms: 880.366625
  type: 'test'
  location: '<workspace>/secretary-audit-20260922/Secretary/demo_pi/pi_secretary/audit/legacy.test.ts:1:6885'
  failureType: 'testCodeFailure'
  error: 'Missing expected exception.'
  code: 'ERR_ASSERTION'
  name: 'AssertionError'
  operator: 'throws'
  stack: |-
    <anonymous> (<workspace>/secretary-audit-20260922/Secretary/demo_pi/pi_secretary/audit/legacy.test.ts:112:15)
    process.processTicksAndRejections (node:internal/process/task_queues:105:5)
    async fixture (<workspace>/secretary-audit-20260922/Secretary/demo_pi/pi_secretary/audit/legacy.test.ts:15:7)
    async Test.run (node:internal/test_runner/test:1054:7)
    async Test.processPendingSubtests (node:internal/test_runner/test:744:7)
  ...
1..18
# tests 18
# suites 0
# pass 2
# fail 16
# cancelled 0
# skipped 0
# todo 0
# duration_ms 9903.628041
